// Vitest Snapshot v1, https://vitest.dev/guide/snapshot.html

exports[`장비·무거운 힌지·묶음 고정 > 운동 → 묶음 전체 스냅샷 (묶음이 바뀌면 검토 후 스냅샷 갱신) 1`] = `
{
  "exercise_family": {
    "ab_wheel": "ab_rollout",
    "archer_pull_up": "pull_up",
    "arnold_press": "shoulder_press",
    "assisted_dip_machine": "dip",
    "assisted_pull_up_machine": "pull_up",
    "back_extension": "back_extension",
    "back_squat": "squat_barbell",
    "band_assisted_pull_up": "pull_up",
    "bar_pushdown": "pushdown",
    "barbell_curl": "curl",
    "barbell_ohp": "shoulder_press",
    "barbell_row": "free_row",
    "barbell_shrug": "shrug",
    "bayesian_curl": "curl_stretch",
    "bench_dip": "dip_triceps",
    "bench_press": "chest_press_flat",
    "bird_dog": "anti_extension",
    "bodyweight_squat": "squat_light",
    "bulgarian_split_squat": "lunge",
    "cable_crunch": "crunch",
    "cable_curl": "curl",
    "cable_fly": "chest_fly",
    "cable_glute_kickback": "glute_kickback",
    "cable_kickback": "kickback",
    "cable_lateral_raise": "lateral_raise",
    "cable_pull_through": "rdl",
    "cable_rear_delt_fly": "rear_delt_fly",
    "cable_upright_row": "upright_row",
    "cable_woodchop": "rotation",
    "cam_supported_row_machine": "supported_row",
    "captains_chair_leg_raise": "leg_raise",
    "chest_supported_db_row": "supported_row",
    "chest_supported_tbar_row": "supported_row",
    "chin_up": "pull_up",
    "close_grip_bench": "close_grip_press",
    "close_grip_lat_pulldown": "lat_pulldown",
    "concentration_curl": "curl_short",
    "crunch": "crunch",
    "db_bench_press": "chest_press_flat",
    "db_curl": "curl",
    "db_fly": "chest_fly",
    "db_front_raise": "front_raise",
    "db_kickback": "kickback",
    "db_lateral_raise": "lateral_raise",
    "db_pullover": "pullover",
    "db_rear_delt_fly": "rear_delt_fly",
    "db_romanian_deadlift": "rdl",
    "db_shoulder_press": "shoulder_press",
    "db_shrug": "shrug",
    "db_skull_crusher": "lying_ext",
    "dead_bug": "anti_extension",
    "dead_hang": "hang",
    "deadlift": "deadlift",
    "decline_bench_press": "chest_press_flat",
    "decline_sit_up": "crunch",
    "dip": "dip",
    "dual_cable_pulldown": "lat_pulldown",
    "elbow_supported_incline_curl": "curl_stretch",
    "ez_bar_curl": "curl",
    "ez_preacher_curl": "curl_short",
    "face_pull": "face_pull",
    "farmers_walk": "carry",
    "flutter_kick": "leg_raise",
    "front_squat": "squat_barbell",
    "glute_bridge": "hip_thrust",
    "goblet_squat": "squat_light",
    "good_morning": "rdl",
    "hack_squat": "squat_machine",
    "hammer_curl": "hammer_curl",
    "hand_gripper": "grip",
    "hanging_knee_raise": "leg_raise",
    "hanging_leg_raise": "leg_raise",
    "hip_abduction": "hip_abduction",
    "hip_adduction": "hip_adduction",
    "hip_thrust": "hip_thrust",
    "hip_thrust_machine": "hip_thrust",
    "incline_bench_press": "chest_press_incline",
    "incline_db_curl": "curl_stretch",
    "incline_db_fly": "chest_fly",
    "incline_db_press": "chest_press_incline",
    "incline_machine_press": "chest_press_incline",
    "inverted_row": "inverted_row",
    "kelso_shrug": "kelso_shrug",
    "landmine_press": "landmine_press",
    "landmine_tbar_row": "free_row",
    "lat_pulldown": "lat_pulldown",
    "leg_extension": "leg_extension",
    "leg_press": "leg_press",
    "lever_row_machine": "supported_row",
    "long_rope_pushdown": "pushdown",
    "low_to_high_cable_fly": "chest_fly",
    "lying_ext_behind_head": "lying_ext",
    "lying_leg_curl": "leg_curl",
    "lying_leg_raise": "leg_raise",
    "lying_lever_chest_press": "chest_press_flat",
    "machine_chest_press": "chest_press_flat",
    "machine_crunch": "crunch",
    "machine_high_row": "machine_high_row",
    "machine_lateral_raise": "lateral_raise",
    "machine_shoulder_press": "shoulder_press",
    "nordic_curl": "leg_curl",
    "oh_barbell_ext": "overhead_ext",
    "oh_cable_ext_rope": "overhead_ext",
    "oh_cable_ext_single": "overhead_ext",
    "oh_db_ext_single": "overhead_ext",
    "one_arm_cable_row": "cable_row",
    "one_arm_db_row": "free_row",
    "one_arm_lat_pulldown": "lat_pulldown",
    "overhead_cable_curl": "curl_short",
    "pallof_press": "anti_rotation",
    "pec_deck": "chest_fly",
    "pendulum_squat": "squat_machine",
    "pike_push_up": "pike_push_up",
    "pinch_press": "pinch_press",
    "plank": "plank",
    "plate_pinch": "pinch",
    "preacher_curl_machine": "curl_short",
    "pull_up": "pull_up",
    "pull_up_neutral": "pull_up",
    "pull_up_overhand_mid": "pull_up",
    "pull_up_wide": "pull_up",
    "push_up": "push_up",
    "rack_pull": "deadlift",
    "reverse_crunch": "crunch",
    "reverse_curl": "reverse_curl",
    "reverse_grip_pushdown": "pushdown",
    "reverse_lunge": "lunge",
    "reverse_pec_deck": "rear_delt_fly",
    "reverse_wrist_curl": "wrist_ext",
    "romanian_deadlift": "rdl",
    "rope_pushdown": "pushdown",
    "rotary_torso_machine": "rotation",
    "russian_twist": "rotation",
    "seal_row": "supported_row",
    "seated_barbell_wrist_curl": "wrist_curl",
    "seated_barbell_wrist_ext": "wrist_ext",
    "seated_cable_row": "cable_row",
    "seated_calf_raise": "calf_raise",
    "seated_dip_machine": "dip_triceps",
    "seated_leg_curl": "leg_curl",
    "seated_lever_chest_press": "chest_press_flat",
    "side_plank": "plank",
    "single_leg_rdl": "rdl",
    "sissy_squat": "sissy_squat",
    "skull_crusher": "lying_ext",
    "smith_bench_press": "chest_press_flat",
    "smith_incline_press": "chest_press_incline",
    "smith_jm_press": "jm_press",
    "smith_shoulder_press": "shoulder_press",
    "smith_squat": "squat_machine",
    "spider_curl": "curl_short",
    "standing_barbell_wrist_curl": "wrist_curl",
    "standing_calf_raise": "calf_raise",
    "step_up": "lunge",
    "straight_arm_pulldown": "pullover",
    "sumo_deadlift": "deadlift",
    "towel_pull_up": "pull_up",
    "trap_bar_deadlift": "deadlift",
    "triceps_ext_machine": "triceps_machine",
    "triceps_push_up": "triceps_push_up",
    "walking_lunge": "lunge",
    "weighted_plank": "plank",
    "weighted_sit_up": "crunch",
    "wrist_curl": "wrist_curl",
    "wrist_roller": "wrist_roller",
    "y_raise": "y_raise",
  },
  "family_labels": {
    "ab_rollout": "롤아웃",
    "anti_extension": "안티 익스텐션",
    "anti_rotation": "안티 로테이션",
    "back_extension": "백 익스텐션",
    "cable_row": "케이블 로우",
    "calf_raise": "카프 레이즈",
    "carry": "캐리",
    "chest_fly": "플라이",
    "chest_press_flat": "플랫 체스트 프레스",
    "chest_press_incline": "인클라인 체스트 프레스",
    "close_grip_press": "클로즈그립 프레스",
    "crunch": "크런치",
    "curl": "기본 컬",
    "curl_short": "수축 강조 컬 (단두)",
    "curl_stretch": "늘린 자세 컬 (장두)",
    "deadlift": "데드리프트·랙풀 (무거운 힌지)",
    "dip": "딥스 (가슴)",
    "dip_triceps": "딥스 (삼두: 벤치·머신)",
    "face_pull": "페이스풀",
    "free_row": "프리웨이트 로우",
    "front_raise": "프론트 레이즈",
    "glute_kickback": "힙 킥백",
    "grip": "악력기",
    "hammer_curl": "해머 컬",
    "hang": "매달리기",
    "hip_abduction": "힙 어브덕션",
    "hip_adduction": "힙 어덕션",
    "hip_thrust": "힙 쓰러스트·브릿지",
    "inverted_row": "인버티드 로우",
    "jm_press": "JM프레스",
    "kelso_shrug": "켈소 슈러그",
    "kickback": "킥백",
    "landmine_press": "랜드마인 프레스",
    "lat_pulldown": "랫풀다운 계열",
    "lateral_raise": "레터럴 레이즈",
    "leg_curl": "레그 컬",
    "leg_extension": "레그 익스텐션",
    "leg_press": "레그 프레스",
    "leg_raise": "레그 레이즈",
    "lunge": "런지·스플릿 스쿼트·스텝업",
    "lying_ext": "라잉 익스텐션",
    "machine_high_row": "하이 로우 머신",
    "overhead_ext": "오버헤드 익스텐션",
    "pike_push_up": "파이크 푸시업",
    "pinch": "핀치 그립",
    "pinch_press": "핀치 프레스",
    "plank": "플랭크",
    "pull_up": "풀업 계열",
    "pullover": "풀오버·스트레이트 암",
    "push_up": "푸시업",
    "pushdown": "푸시다운",
    "rdl": "루마니안 데드리프트·힌지",
    "rear_delt_fly": "리어 델트 플라이",
    "reverse_curl": "리버스 컬",
    "rotation": "로테이션",
    "shoulder_press": "숄더 프레스",
    "shrug": "슈러그",
    "sissy_squat": "시시 스쿼트",
    "squat_barbell": "바벨 스쿼트",
    "squat_light": "맨몸·고블릿 스쿼트",
    "squat_machine": "머신 스쿼트",
    "supported_row": "체스트 서포티드 로우",
    "triceps_machine": "트라이셉 머신",
    "triceps_push_up": "삼두 푸시업",
    "upright_row": "업라이트 로우",
    "wrist_curl": "리스트 컬 (굽히기)",
    "wrist_ext": "리스트 익스텐션 (펴기)",
    "wrist_roller": "리스트 롤러",
    "y_raise": "Y 레이즈",
  },
}
`;
